../Src/main.c:58:13:i2c_wait_flag_sr1	16	static
../Src/main.c:63:13:i2c_start	8	static
../Src/main.c:68:13:i2c_stop	4	static
../Src/main.c:73:13:i2c_send_address	16	static
../Src/main.c:79:13:i2c_write_byte	16	static
../Src/main.c:85:16:i2c_read_byte	16	static
../Src/main.c:95:13:mpu6050_write_reg	16	static
../Src/main.c:103:16:mpu6050_read_reg	24	static
../Src/main.c:116:13:mpu6050_read_accel	32	static
../Src/main.c:129:13:mpu6050_read_gyro	32	static
../Src/main.c:142:13:uart_send_char	16	static
../Src/main.c:148:13:uart_send_string	16	static
../Src/main.c:159:13:fft	64	static
../Src/main.c:190:5:main	216	static
