../Src/main.c:51:13:i2c_wait_flag_sr1	16	static
../Src/main.c:57:13:i2c_start	8	static
../Src/main.c:63:13:i2c_stop	4	static
../Src/main.c:69:13:i2c_send_address	16	static
../Src/main.c:76:13:i2c_write_byte	16	static
../Src/main.c:83:16:i2c_read_byte	16	static
../Src/main.c:94:13:mpu6050_write_reg	16	static
../Src/main.c:103:16:mpu6050_read_reg	24	static
../Src/main.c:117:13:mpu6050_read_accel	32	static
../Src/main.c:131:13:mpu6050_read_gyro	32	static
../Src/main.c:145:13:uart_send_char	16	static
../Src/main.c:152:13:uart_send_string	16	static
../Src/main.c:157:5:main	232	static
