../Src/main.c:58:13:i2c_wait_flag_sr1	2
../Src/main.c:63:13:i2c_start	1
../Src/main.c:68:13:i2c_stop	2
../Src/main.c:73:13:i2c_send_address	1
../Src/main.c:79:13:i2c_write_byte	1
../Src/main.c:85:16:i2c_read_byte	2
../Src/main.c:95:13:mpu6050_write_reg	1
../Src/main.c:103:16:mpu6050_read_reg	1
../Src/main.c:116:13:mpu6050_read_accel	1
../Src/main.c:129:13:mpu6050_read_gyro	1
../Src/main.c:142:13:uart_send_char	2
../Src/main.c:148:13:uart_send_string	2
../Src/main.c:159:13:fft	7
../Src/main.c:190:5:main	16
